<html>
<body>
<pre>
<h1>µVision Build Log</h1>
<h2>Tool Versions:</h2>
IDE-Version: µVision V5.28.0.0
Copyright (C) 2019 ARM Ltd and ARM Germany GmbH. All rights reserved.
License Information: teddy park Wiznet Flex license: MDK Essential 5.28 (Flex) (mdk_essential) Support: Sep 2020
 
Tool Versions:
Toolchain:       MDK Essential 5.28 (Flex)  Version: 5.28.0.0
Toolchain Path:  C:\Keil_v5\ARM\ARMCC\Bin
C Compiler:      Armcc.exe V5.06 update 6 (build 750)
Assembler:       Armasm.exe V5.06 update 6 (build 750)
Linker/Locator:  ArmLink.exe V5.06 update 6 (build 750)
Library Manager: ArmAr.exe V5.06 update 6 (build 750)
Hex Converter:   FromElf.exe V5.06 update 6 (build 750)
CPU DLL:         SARMCM3.DLL V5.28.0.0
Dialog DLL:      DCM.DLL V1.17.3.0
Target DLL:      STLink\ST-LINKIII-KEIL_SWO.dll V3.0.6.0
Dialog DLL:      TCM.DLL V1.36.2.0
 
<h2>Project:</h2>
D:\wiznet\Workspace\WizFi360_Work\ST_Project\SPI2UART_F4_1\SPI2UART_F4_1\MDK-ARM\SPI2UART_F4_1.uvprojx
Project File Date:  01/28/2020

<h2>Output:</h2>
*** Using Compiler 'V5.06 update 6 (build 750)', folder: 'C:\Keil_v5\ARM\ARMCC\Bin'
Build target 'SPI2UART_F4_1'
compiling main.c...
../Src/main.c(293): warning:  #167-D: argument of type "uint8_t *" is incompatible with parameter of type "const char *"
        if(strncmp(RX_BUFFER_U6, "check", 5) == 0)
../Src/main.c(203): warning:  #177-D: variable "temp_delay"  was declared but never referenced
    int temp_delay = 60000;
../Src/main.c(881): warning:  #167-D: argument of type "uint8_t *" is incompatible with parameter of type "const char *"
    if(strncmp(RX_BUFFER, "AT+CIPMODE=", 11) == 0)
../Src/main.c(900): warning:  #167-D: argument of type "uint8_t *" is incompatible with parameter of type "const char *"
    else if(strncmp(RX_BUFFER, "AT+CIPSEND", 10) == 0)
../Src/main.c(906): warning:  #167-D: argument of type "uint8_t *" is incompatible with parameter of type "char *"
        sendsize = Int2StrNull(RX_BUFFER+11);
../Src/main.c(918): warning:  #167-D: argument of type "uint8_t *" is incompatible with parameter of type "const char *"
      else if(strncmp(RX_BUFFER+10, "BUF=", 4) == 0)
../Src/main.c(921): warning:  #167-D: argument of type "uint8_t *" is incompatible with parameter of type "char *"
        sendsize = Int2StrNull(RX_BUFFER+14);
../Src/main.c(933): warning:  #167-D: argument of type "uint8_t *" is incompatible with parameter of type "const char *"
      else if(strncmp(RX_BUFFER+10, "EX=", 3) == 0)
../Src/main.c(936): warning:  #167-D: argument of type "uint8_t *" is incompatible with parameter of type "char *"
        sendsize = Int2StrNull(RX_BUFFER+13);
../Src/main.c(956): warning:  #167-D: argument of type "uint8_t *" is incompatible with parameter of type "const char *"
      if(strncmp(SPI_RX_BUFF,"link is not valid", 17) == 0)
../Src/main.c(963): warning:  #167-D: argument of type "uint8_t *" is incompatible with parameter of type "const char *"
      if(strncmp(SPI_RX_BUFF,"\r\nready", 5) == 0)
../Src/main.c(972): warning:  #167-D: argument of type "uint8_t *" is incompatible with parameter of type "const char *"
        if(strncmp(SPI_RX_BUFF,"CONNECT\r\n", 9) == 0)
../Src/main.c(984): warning:  #940-D: missing return statement at end of non-void function "recv_check_message" 
  }
../Src/main.c: 13 warnings, 0 errors
linking...
Program Size: Code=9932 RO-data=600 RW-data=44 ZI-data=4364  
FromELF: creating hex file...
"SPI2UART_F4_1\SPI2UART_F4_1.axf" - 0 Error(s), 13 Warning(s).

<h2>Software Packages used:</h2>

Package Vendor: ARM
                http://www.keil.com/pack/ARM.CMSIS.5.6.0.pack
                ARM.CMSIS.5.6.0
                CMSIS (Cortex Microcontroller Software Interface Standard)
   * Component: CORE Version: 5.3.0

Package Vendor: Keil
                http://www.keil.com/pack/Keil.STM32F4xx_DFP.2.14.0.pack
                Keil.STM32F4xx_DFP.2.14.0
                STMicroelectronics STM32F4 Series Device Support, Drivers and Examples

<h2>Collection of Component include folders:</h2>
  .\RTE\_SPI2UART_F4_1
  C:\Users\Teddy\AppData\Local\Arm\Packs\ARM\CMSIS\5.6.0\CMSIS\Core\Include
  C:\Users\Teddy\AppData\Local\Arm\Packs\Keil\STM32F4xx_DFP\2.14.0\Drivers\CMSIS\Device\ST\STM32F4xx\Include

<h2>Collection of Component Files used:</h2>

   * Component: ARM::CMSIS:CORE:5.3.0
Build Time Elapsed:  00:00:01
</pre>
</body>
</html>
